[0.179s] DEBUG:colcon:Command line arguments: ['/usr/bin/colcon', 'build']
[0.179s] DEBUG:colcon:Parsed command line arguments: Namespace(log_base=None, log_level=None, verb_name='build', build_base='build', install_base='install', merge_install=False, symlink_install=False, test_result_base=None, continue_on_error=False, executor='parallel', parallel_workers=14, event_handlers=None, ignore_user_meta=False, metas=['./colcon.meta'], base_paths=['.'], packages_ignore=None, packages_ignore_regex=None, paths=None, packages_up_to=None, packages_up_to_regex=None, packages_above=None, packages_above_and_dependencies=None, packages_above_depth=None, packages_select_by_dep=None, packages_skip_by_dep=None, packages_skip_up_to=None, packages_select_build_failed=False, packages_skip_build_finished=False, packages_select_test_failures=False, packages_skip_test_passed=False, packages_select=None, packages_skip=None, packages_select_regex=None, packages_skip_regex=None, packages_start=None, packages_end=None, allow_overriding=[], cmake_args=None, cmake_target=None, cmake_target_skip_unavailable=False, cmake_clean_cache=False, cmake_clean_first=False, cmake_force_configure=False, ament_cmake_args=None, catkin_cmake_args=None, catkin_skip_building_tests=False, verb_parser=<colcon_defaults.argument_parser.defaults.DefaultArgumentsDecorator object at 0x7c47c50b0050>, verb_extension=<colcon_core.verb.build.BuildVerb object at 0x7c47c507be30>, main=<bound method BuildVerb.main of <colcon_core.verb.build.BuildVerb object at 0x7c47c507be30>>)
[0.225s] Level 1:colcon.colcon_core.package_discovery:discover_packages(colcon_meta) check parameters
[0.225s] Level 1:colcon.colcon_core.package_discovery:discover_packages(recursive) check parameters
[0.225s] Level 1:colcon.colcon_core.package_discovery:discover_packages(ignore) check parameters
[0.225s] Level 1:colcon.colcon_core.package_discovery:discover_packages(path) check parameters
[0.225s] Level 1:colcon.colcon_core.package_discovery:discover_packages(colcon_meta) discover
[0.225s] Level 1:colcon.colcon_core.package_discovery:discover_packages(recursive) discover
[0.225s] INFO:colcon.colcon_core.package_discovery:Crawling recursively for packages in '/home/jaikrrishs/Desktop/warehouse_robot'
[0.226s] Level 1:colcon.colcon_core.package_identification:_identify(.) by extensions ['ignore', 'ignore_ament_install']
[0.226s] Level 1:colcon.colcon_core.package_identification:_identify(.) by extension 'ignore'
[0.226s] Level 1:colcon.colcon_core.package_identification:_identify(.) by extension 'ignore_ament_install'
[0.226s] Level 1:colcon.colcon_core.package_identification:_identify(.) by extensions ['colcon_pkg']
[0.226s] Level 1:colcon.colcon_core.package_identification:_identify(.) by extension 'colcon_pkg'
[0.226s] Level 1:colcon.colcon_core.package_identification:_identify(.) by extensions ['colcon_meta']
[0.226s] Level 1:colcon.colcon_core.package_identification:_identify(.) by extension 'colcon_meta'
[0.226s] Level 1:colcon.colcon_core.package_identification:_identify(.) by extensions ['ros']
[0.226s] Level 1:colcon.colcon_core.package_identification:_identify(.) by extension 'ros'
[0.252s] DEBUG:colcon.colcon_core.package_identification:Package '.' with type 'ros.cmake' and name 'warehouse_env'
[0.252s] Level 1:colcon.colcon_core.package_discovery:discover_packages(recursive) using defaults
[0.252s] Level 1:colcon.colcon_core.package_discovery:discover_packages(ignore) discover
[0.252s] Level 1:colcon.colcon_core.package_discovery:discover_packages(ignore) using defaults
[0.252s] Level 1:colcon.colcon_core.package_discovery:discover_packages(path) discover
[0.252s] Level 1:colcon.colcon_core.package_discovery:discover_packages(path) using defaults
[0.270s] Level 1:colcon.colcon_core.package_discovery:discover_packages(prefix_path) check parameters
[0.270s] Level 1:colcon.colcon_core.package_discovery:discover_packages(prefix_path) discover
[0.273s] DEBUG:colcon.colcon_installed_package_information.package_discovery:Found 521 installed packages in /opt/ros/jazzy
[0.274s] Level 1:colcon.colcon_core.package_discovery:discover_packages(prefix_path) using defaults
[0.312s] Level 5:colcon.colcon_core.verb:set package 'warehouse_env' build argument 'cmake_args' from command line to 'None'
[0.312s] Level 5:colcon.colcon_core.verb:set package 'warehouse_env' build argument 'cmake_target' from command line to 'None'
[0.312s] Level 5:colcon.colcon_core.verb:set package 'warehouse_env' build argument 'cmake_target_skip_unavailable' from command line to 'False'
[0.312s] Level 5:colcon.colcon_core.verb:set package 'warehouse_env' build argument 'cmake_clean_cache' from command line to 'False'
[0.312s] Level 5:colcon.colcon_core.verb:set package 'warehouse_env' build argument 'cmake_clean_first' from command line to 'False'
[0.312s] Level 5:colcon.colcon_core.verb:set package 'warehouse_env' build argument 'cmake_force_configure' from command line to 'False'
[0.312s] Level 5:colcon.colcon_core.verb:set package 'warehouse_env' build argument 'ament_cmake_args' from command line to 'None'
[0.312s] Level 5:colcon.colcon_core.verb:set package 'warehouse_env' build argument 'catkin_cmake_args' from command line to 'None'
[0.312s] Level 5:colcon.colcon_core.verb:set package 'warehouse_env' build argument 'catkin_skip_building_tests' from command line to 'False'
[0.312s] DEBUG:colcon.colcon_core.verb:Building package 'warehouse_env' with the following arguments: {'ament_cmake_args': None, 'build_base': '/home/jaikrrishs/Desktop/warehouse_robot/build/warehouse_env', 'catkin_cmake_args': None, 'catkin_skip_building_tests': False, 'cmake_args': None, 'cmake_clean_cache': False, 'cmake_clean_first': False, 'cmake_force_configure': False, 'cmake_target': None, 'cmake_target_skip_unavailable': False, 'install_base': '/home/jaikrrishs/Desktop/warehouse_robot/install/warehouse_env', 'merge_install': False, 'path': '/home/jaikrrishs/Desktop/warehouse_robot', 'symlink_install': False, 'test_result_base': None}
[0.312s] INFO:colcon.colcon_core.executor:Executing jobs using 'parallel' executor
[0.313s] DEBUG:colcon.colcon_parallel_executor.executor.parallel:run_until_complete
[0.313s] INFO:colcon.colcon_ros.task.cmake.build:Building ROS package in '/home/jaikrrishs/Desktop/warehouse_robot' with build type 'cmake'
[0.313s] INFO:colcon.colcon_cmake.task.cmake.build:Building CMake package in '/home/jaikrrishs/Desktop/warehouse_robot'
[0.316s] INFO:colcon.colcon_core.plugin_system:Skipping extension 'colcon_core.shell.bat': Not used on non-Windows systems
[0.316s] INFO:colcon.colcon_core.shell:Skip shell extension 'powershell' for command environment: Not usable outside of PowerShell
[0.316s] DEBUG:colcon.colcon_core.shell:Skip shell extension 'dsv' for command environment
[0.323s] DEBUG:colcon.colcon_core.event_handler.log_command:Invoking command in '/home/jaikrrishs/Desktop/warehouse_robot/build/warehouse_env': CMAKE_PREFIX_PATH=${CMAKE_PREFIX_PATH}:/opt/ros/jazzy DEBUGINFOD_URLS=https://debuginfod.ubuntu.com /usr/bin/cmake /home/jaikrrishs/Desktop/warehouse_robot -DCMAKE_INSTALL_PREFIX=/home/jaikrrishs/Desktop/warehouse_robot/install/warehouse_env
[1.033s] DEBUG:colcon.colcon_core.event_handler.log_command:Invoked command in '/home/jaikrrishs/Desktop/warehouse_robot/build/warehouse_env' returned '0': CMAKE_PREFIX_PATH=${CMAKE_PREFIX_PATH}:/opt/ros/jazzy DEBUGINFOD_URLS=https://debuginfod.ubuntu.com /usr/bin/cmake /home/jaikrrishs/Desktop/warehouse_robot -DCMAKE_INSTALL_PREFIX=/home/jaikrrishs/Desktop/warehouse_robot/install/warehouse_env
[1.034s] DEBUG:colcon.colcon_core.event_handler.log_command:Invoking command in '/home/jaikrrishs/Desktop/warehouse_robot/build/warehouse_env': CMAKE_PREFIX_PATH=${CMAKE_PREFIX_PATH}:/opt/ros/jazzy DEBUGINFOD_URLS=https://debuginfod.ubuntu.com /usr/bin/cmake --build /home/jaikrrishs/Desktop/warehouse_robot/build/warehouse_env -- -j14 -l14
[1.074s] DEBUG:colcon.colcon_core.event_handler.log_command:Invoked command in '/home/jaikrrishs/Desktop/warehouse_robot/build/warehouse_env' returned '0': CMAKE_PREFIX_PATH=${CMAKE_PREFIX_PATH}:/opt/ros/jazzy DEBUGINFOD_URLS=https://debuginfod.ubuntu.com /usr/bin/cmake --build /home/jaikrrishs/Desktop/warehouse_robot/build/warehouse_env -- -j14 -l14
[1.083s] DEBUG:colcon.colcon_core.event_handler.log_command:Invoking command in '/home/jaikrrishs/Desktop/warehouse_robot/build/warehouse_env': CMAKE_PREFIX_PATH=${CMAKE_PREFIX_PATH}:/opt/ros/jazzy DEBUGINFOD_URLS=https://debuginfod.ubuntu.com /usr/bin/cmake --install /home/jaikrrishs/Desktop/warehouse_robot/build/warehouse_env
[1.101s] DEBUG:colcon.colcon_core.event_handler.log_command:Invoked command in '/home/jaikrrishs/Desktop/warehouse_robot/build/warehouse_env' returned '0': CMAKE_PREFIX_PATH=${CMAKE_PREFIX_PATH}:/opt/ros/jazzy DEBUGINFOD_URLS=https://debuginfod.ubuntu.com /usr/bin/cmake --install /home/jaikrrishs/Desktop/warehouse_robot/build/warehouse_env
[1.101s] Level 1:colcon.colcon_core.shell:create_environment_hook('warehouse_env', 'pkg_config_path')
[1.102s] INFO:colcon.colcon_core.shell:Creating environment hook '/home/jaikrrishs/Desktop/warehouse_robot/install/warehouse_env/share/warehouse_env/hook/pkg_config_path.ps1'
[1.103s] INFO:colcon.colcon_core.shell:Creating environment descriptor '/home/jaikrrishs/Desktop/warehouse_robot/install/warehouse_env/share/warehouse_env/hook/pkg_config_path.dsv'
[1.103s] INFO:colcon.colcon_core.shell:Creating environment hook '/home/jaikrrishs/Desktop/warehouse_robot/install/warehouse_env/share/warehouse_env/hook/pkg_config_path.sh'
[1.106s] Level 1:colcon.colcon_core.shell:create_environment_hook('warehouse_env', 'pkg_config_path_multiarch')
[1.106s] INFO:colcon.colcon_core.shell:Creating environment hook '/home/jaikrrishs/Desktop/warehouse_robot/install/warehouse_env/share/warehouse_env/hook/pkg_config_path_multiarch.ps1'
[1.106s] INFO:colcon.colcon_core.shell:Creating environment descriptor '/home/jaikrrishs/Desktop/warehouse_robot/install/warehouse_env/share/warehouse_env/hook/pkg_config_path_multiarch.dsv'
[1.107s] INFO:colcon.colcon_core.shell:Creating environment hook '/home/jaikrrishs/Desktop/warehouse_robot/install/warehouse_env/share/warehouse_env/hook/pkg_config_path_multiarch.sh'
[1.107s] Level 1:colcon.colcon_core.environment:create_environment_scripts_only(warehouse_env)
[1.111s] Level 1:colcon.colcon_core.environment:checking '/home/jaikrrishs/Desktop/warehouse_robot/install/warehouse_env' for CMake module files
[1.112s] Level 1:colcon.colcon_core.environment:checking '/home/jaikrrishs/Desktop/warehouse_robot/install/warehouse_env' for CMake config files
[1.112s] Level 1:colcon.colcon_core.shell:create_environment_hook('warehouse_env', 'cmake_prefix_path')
[1.112s] INFO:colcon.colcon_core.shell:Creating environment hook '/home/jaikrrishs/Desktop/warehouse_robot/install/warehouse_env/share/warehouse_env/hook/cmake_prefix_path.ps1'
[1.112s] INFO:colcon.colcon_core.shell:Creating environment descriptor '/home/jaikrrishs/Desktop/warehouse_robot/install/warehouse_env/share/warehouse_env/hook/cmake_prefix_path.dsv'
[1.112s] INFO:colcon.colcon_core.shell:Creating environment hook '/home/jaikrrishs/Desktop/warehouse_robot/install/warehouse_env/share/warehouse_env/hook/cmake_prefix_path.sh'
[1.113s] Level 1:colcon.colcon_core.environment:checking '/home/jaikrrishs/Desktop/warehouse_robot/install/warehouse_env/bin'
[1.113s] Level 1:colcon.colcon_core.environment:checking '/home/jaikrrishs/Desktop/warehouse_robot/install/warehouse_env/lib/pkgconfig/warehouse_env.pc'
[1.113s] Level 1:colcon.colcon_core.environment:checking '/home/jaikrrishs/Desktop/warehouse_robot/install/warehouse_env/lib/python3.12/site-packages'
[1.113s] Level 1:colcon.colcon_core.environment:checking '/home/jaikrrishs/Desktop/warehouse_robot/install/warehouse_env/bin'
[1.113s] INFO:colcon.colcon_core.shell:Creating package script '/home/jaikrrishs/Desktop/warehouse_robot/install/warehouse_env/share/warehouse_env/package.ps1'
[1.114s] INFO:colcon.colcon_core.shell:Creating package descriptor '/home/jaikrrishs/Desktop/warehouse_robot/install/warehouse_env/share/warehouse_env/package.dsv'
[1.115s] INFO:colcon.colcon_core.shell:Creating package script '/home/jaikrrishs/Desktop/warehouse_robot/install/warehouse_env/share/warehouse_env/package.sh'
[1.115s] INFO:colcon.colcon_core.shell:Creating package script '/home/jaikrrishs/Desktop/warehouse_robot/install/warehouse_env/share/warehouse_env/package.bash'
[1.116s] INFO:colcon.colcon_core.shell:Creating package script '/home/jaikrrishs/Desktop/warehouse_robot/install/warehouse_env/share/warehouse_env/package.zsh'
[1.116s] Level 1:colcon.colcon_core.environment:create_file_with_runtime_dependencies(/home/jaikrrishs/Desktop/warehouse_robot/install/warehouse_env/share/colcon-core/packages/warehouse_env)
[1.117s] DEBUG:colcon.colcon_parallel_executor.executor.parallel:closing loop
[1.117s] DEBUG:colcon.colcon_parallel_executor.executor.parallel:loop closed
[1.117s] DEBUG:colcon.colcon_parallel_executor.executor.parallel:run_until_complete finished with '0'
[1.117s] DEBUG:colcon.colcon_core.event_reactor:joining thread
[1.135s] INFO:colcon.colcon_core.plugin_system:Skipping extension 'colcon_notification.desktop_notification.terminal_notifier': Not used on non-Darwin systems
[1.135s] INFO:colcon.colcon_core.plugin_system:Skipping extension 'colcon_notification.desktop_notification.win32': Not used on non-Windows systems
[1.135s] INFO:colcon.colcon_notification.desktop_notification:Sending desktop notification using 'notify2'
[1.146s] DEBUG:colcon.colcon_core.event_reactor:joined thread
[1.146s] INFO:colcon.colcon_core.shell:Creating prefix script '/home/jaikrrishs/Desktop/warehouse_robot/install/local_setup.ps1'
[1.147s] INFO:colcon.colcon_core.shell:Creating prefix util module '/home/jaikrrishs/Desktop/warehouse_robot/install/_local_setup_util_ps1.py'
[1.148s] INFO:colcon.colcon_core.shell:Creating prefix chain script '/home/jaikrrishs/Desktop/warehouse_robot/install/setup.ps1'
[1.149s] INFO:colcon.colcon_core.shell:Creating prefix script '/home/jaikrrishs/Desktop/warehouse_robot/install/local_setup.sh'
[1.150s] INFO:colcon.colcon_core.shell:Creating prefix util module '/home/jaikrrishs/Desktop/warehouse_robot/install/_local_setup_util_sh.py'
[1.150s] INFO:colcon.colcon_core.shell:Creating prefix chain script '/home/jaikrrishs/Desktop/warehouse_robot/install/setup.sh'
[1.152s] INFO:colcon.colcon_core.shell:Creating prefix script '/home/jaikrrishs/Desktop/warehouse_robot/install/local_setup.bash'
[1.152s] INFO:colcon.colcon_core.shell:Creating prefix chain script '/home/jaikrrishs/Desktop/warehouse_robot/install/setup.bash'
[1.153s] INFO:colcon.colcon_core.shell:Creating prefix script '/home/jaikrrishs/Desktop/warehouse_robot/install/local_setup.zsh'
[1.154s] INFO:colcon.colcon_core.shell:Creating prefix chain script '/home/jaikrrishs/Desktop/warehouse_robot/install/setup.zsh'
